// Jest Snapshot v1, https://goo.gl/fbAQLP

exports[`PayjpCheckout matches snapshot 1`] = `"<div><script src=\\"https://checkout.pay.jp/\\" class=\\"payjp-button\\" data-key=\\"asdfghjk\\" data-payjp=\\"1234\\" data-partial=\\"false\\" data-text=\\"pay!\\" data-submit-text=\\"&quot;submit!\\" data-token-name=\\"test token\\" data-lang=\\"ja\\" data-on-created=\\"onCreatedPayjpToken_8ac7230489e80000\\" data-on-failed=\\"onFailedPayjpToken_8ac7230489e80000\\" data-name-placeholder=\\"John Doe\\"></script></div>"`;
