// Jest Snapshot v1, https://goo.gl/fbAQLP

exports[`PayjpCheckout renders hello 1`] = `"<div><script src=\\"https://checkout.pay.jp/\\" class=\\"payjp-button\\" data-on-created=\\"onCreatedPayjpToken_45cfff31a1607c000\\" data-on-failed=\\"onFailedPayjpToken_3befe4a56b4e64000\\" data-partial=\\"true\\"></script></div>"`;
